This is XeTeX, Version 3.141592653-2.6-0.999997 (TeX Live 2025) (preloaded format=xelatex 2025.3.19)  19 MAR 2025 17:25
entering extended mode
 restricted \write18 enabled.
 %&-line parsing enabled.
**C:/Users/Windows/AppData/Local/RProjets/these_aurelien_vers1/preamble.tex
(c:/Users/Windows/AppData/Local/RProjets/these_aurelien_vers1/preamble.tex
LaTeX2e <2024-11-01> patch level 2
L3 programming layer <2025-01-18>

! LaTeX Error: \usepackage before \documentclass.

See the LaTeX manual or LaTeX Companion for explanation.
Type  H <return>  for immediate help.
 ...                                              
                                                  
l.1 \usepackage{
                booktabs}
\usepackage may only appear in the document preamble, i.e.,
between \documentclass and \begin{document}.

 
Here is how much of TeX's memory you used:
 16 strings out of 475847
 646 string characters out of 5773257
 381009 words of memory out of 5000000
 23045 multiletter control sequences out of 15000+600000
 558837 words of font info for 36 fonts, out of 8000000 for 9000
 14 hyphenation exceptions out of 8191
 11i,0n,13p,126b,14s stack positions out of 10000i,1000n,20000p,200000b,200000s
No pages of output.
